                                                                                                                                                                                                       
                                                                                                                                                                                                       
             v5                                                                                                                                                                                          
                                                                                                                                                                                                       
                                                                                                                                                                                                      
        ###c                                                                                                                                                                                               
                                                                                                                                                                                                       
        ##                                                                                                                                                                                               
cv3^                                                                                                                                                                                                       
###                                                                                                                                                                                                       
   #         #                                          v5   ###                                                                                                                                             
     #                                                    #                                                                                                                                              
          ####   ##                                                                                                                                                                                          
               #                                       #                                                                                                                                                 
                   #                c              #                                                                                                                                                      
                      #      #            h4                                                                                                                                                               
                                             #                                                                                                                                                         P
                #                                                                                                                                                                                      #
A        h5<                                                                                                                                                                                           #
##################################  ###########                ######################################################################################################################################

@author Pauline