                                                                                                                                                    v3                                                    
                                                                                                                                                                                                  
             v5                                                                                     v3             v6                 h7          #  #        v6                                              
                                                              v4                                                                        ##   ##      #                                                    
                                                                                                                   c                  #              #    ###                                                
        ###c                                                                                        c              c                                 #                                                        
                                                                                                    #####     #v4  c                  #              #                                                          
        ##                                                                                                 #                       #                 #          ###                                           
Acv3^                                                     c      c  h3<   v6  cc                                                                     #         v7^                                                             
####   #                                                  c                    cc                                                                    #                                                        
    #         #                                         v5   ###           ##                             #    #               ##    #               #                                                            
      #                                                   #                                                                #         v               #         c   #                                        
          ####   ##     ccc                                     v6    ##  v4^                                #         #   #                c        #         #h8                                                  
               #                                       #          #          ###                  h7                       #h5            c          #                          h5<                               
                   #             c                 ##                                             ##########      ####   ####  ####   #  #   ####  # #                 ###########                   v5
                      #   #  #            h4    #                                                                                                                             ch4<                              
                                             #                                                #                                                                                                       Ph3<
                #                                                                        #  #                                                                                                         #
        h5<                                                        h6            h4<  #                                                                                       #  #                #  v3^
#####################            #####  ###########                #################                                                                                                v^##########

@author Pauline